
> zuhaib.@0.1.0 build
> next build

   Γû▓ Next.js 15.2.8
   - Environments: .env.local

   Creating an optimized production build ...
 Γ£ô (pwa) Compiling for server...
 Γ£ô (pwa) Compiling for server...
 Γ£ô (pwa) Compiling for client (static)...
 Γùï (pwa) Service worker: C:\Users\Lenovo-PC\OneDrive\Documents\Mern stack\Portofolio\new-portfolio\public\sw.js
 Γùï (pwa)   URL: /sw.js
 Γùï (pwa)   Scope: /
node.exe : Failed to 
compile.
At line:1 char:1
+ & "C:\Program Files
\nodejs/node.exe" 
"C:\Program 
Files\nodejs/node_mo 
...
+ ~~~~~~~~~~~~~~~~~~~
~~~~~~~~~~~~~~~~~~~~~
~~~~~~~~~~~~~~~~~~~~~
~~~~~~~~
    + CategoryInfo   
           : NotSpe  
  cified: (Failed    
 to compile.:Stri    
ng) [], RemoteEx    
ception
    + FullyQualified 
   ErrorId : Native  
  CommandError
 

./app/layout.tsx
Module parse failed: 
Identifier 
'ScrollToTop' has 
already been 
declared (13:7)
File was processed 
with these loaders:
 * ./node_modules/nex
t/dist/build/webpack/
loaders/next-flight-l
oader/index.js
 * ./node_modules/nex
t/dist/build/webpack/
loaders/next-swc-load
er.js
You may need an 
additional loader to 
handle the result of 
these loaders.
| import 
SmoothScroll from "@/
components/smooth-scr
oll";
| import ScrollToTop 
from "@/components/sc
roll-to-top";
> import ScrollToTop 
from "@/components/sc
roll-to-top";
| export const 
metadata = {
|     metadataBase: 
new URL("https://zuha
ibrashid.com"),

Import trace for 
requested module:
./app/layout.tsx


> Build failed 
because of webpack 
errors
